// Jest Snapshot v1, https://goo.gl/fbAQLP

exports[`HeadingOne renders correctly 1`] = `<h1 class="m-heading-one m-heading-one--title-dot">Bought By Many</h1>`;
